// Jest Snapshot v1, https://goo.gl/fbAQLP

exports[`should render homepage matching snapshot 1`] = `
Array [
  <div
    className="css-h74a88"
    role="main"
  >
    <h2
      className="chakra-heading css-xrxou1"
    >
       hello world 
    </h2>
  </div>,
  <span />,
  <span
    className="chakra-env"
    hidden={true}
  />,
]
`;
